
> uctenky-app@0.1.0 build
> next build

Ôľ▓ Next.js 16.1.3 (Turbopack)
- Environments: .env.local, .env

node.exe : ÔÜá The "middleware" file convention is deprecated. Please use "proxy" instead. Lear
n more: https://nextjs.org/docs/messages/middleware-to-proxy
At line:1 char:1
+ & "D:\Programy\nodejs/node.exe" "D:\Programy\nodejs/node_modules/npm/ ...
+ ~~~~~~~~~~~~~~~~~~~~~~~~~~~~~~~~~~~~~~~~~~~~~~~~~~~~~~~~~~~~~~~~~~~~~
    + CategoryInfo          : NotSpecified: (ÔÜá The "middle...leware-to-proxy:String) [], Rem 
   oteException
    + FullyQualifiedErrorId : NativeCommandError
 
  Creating an optimized production build ...
Ôťô Compiled successfully in 6.5s
  Running TypeScript ...
Failed to compile.

./app/dashboard/pokladna/client.tsx:160:45
Type error: Cannot find name 'cn'.

[0m [90m 158 |[39m                     [33m<[39m[33mTableRow[39m key[33m=[39m{user[33
m.[39mid} className[33m=[39m[32m"border-border hover:bg-muted/30 transition-colors"[39m[3
3m>[39m
 [90m 159 |[39m                       [33m<[39m[33mTableCell[39m className[33m=[39m[32
m"py-4 px-6 font-bold text-foreground"[39m[33m>[39m{user[33m.[39mfullName}[33m<[39m[33m
/[39m[33mTableCell[39m[33m>[39m
[31m[1m>[22m[39m[90m 160 |[39m                       [33m<[39m[33mTableCell[39m class
Name[33m=[39m{cn(
 [90m     |[39m                                             [31m[1m^[22m[39m
 [90m 161 |[39m                         [32m"py-4 px-6 text-right font-black tabular-nums"[
39m[33m,[39m
 [90m 162 |[39m                         [33mNumber[39m(user[33m.[39mpokladnaBalance) [33
m<[39m [35m0[39m [33m?[39m [32m"text-destructive"[39m [33m:[39m [32m"text-success"[3
9m
 [90m 163 |[39m                       )}[33m>[39m[0m
Next.js build worker exited with code: 1 and signal: null
